#
# spec file for package aeson-qq
#
# Copyright (c) 2018 SUSE LINUX GmbH, Nuernberg, Germany.
#
# All modifications and additions to the file contributed by third parties
# remain the property of their copyright owners, unless otherwise agreed
# upon. The license for this file, and modifications and additions to the
# file, is the same license as for the pristine package itself (unless the
# license for the pristine package is not an Open Source License, in which
# case the license is the MIT License). An "Open Source License" is a
# license that conforms to the Open Source Definition (Version 1.9)
# published by the Open Source Initiative.

# Please submit bugfixes or comments via http://bugs.opensuse.org/
#

%global pkg_name aeson-qq

%bcond_with tests

Name:           %{pkg_name}
Version:        0.8.2
Release:        0
Summary:        JSON quasiquoter for Haskell
Group:          Development/Libraries/Haskell

License:        MIT
Url:            https://hackage.haskell.org/package/%{name}
Source0:        https://hackage.haskell.org/package/%{name}-%{version}/%{name}-%{version}.tar.gz

BuildRequires:  ghc-Cabal-devel
BuildRequires:  ghc-rpm-macros
BuildRequires:  ghc-aeson-devel
BuildRequires:  ghc-attoparsec-devel
BuildRequires:  ghc-base-compat-devel
BuildRequires:  ghc-haskell-src-meta-devel
BuildRequires:  ghc-parsec-devel
BuildRequires:  ghc-scientific-devel
BuildRequires:  ghc-template-haskell-devel
BuildRequires:  ghc-text-devel
BuildRequires:  ghc-vector-devel
%if %{with tests}
BuildRequires:  ghc-hspec-devel
%endif

%description
'aeson-qq' provides a JSON quasiquoter for Haskell.

This package exposes the function `aesonQQ` that compile-time converts a string
representation of a JSON value into a `Data.Aeson.Value`. `aesonQQ` has the
signature

>aesonQQ :: QuasiQuoter

Consult the 'README' for documentation:
<https://github.com/sol/aeson-qq#readme>.


%package -n ghc-%{name}
Summary:        Haskell %{name} library
Group:          System/Libraries

%description -n ghc-%{name}
This package provides the Haskell %{name} shared library.


%package -n ghc-%{name}-devel
Summary:        Haskell %{name} library development files
Group:          Development/Libraries/Haskell
Requires:       ghc-compiler = %{ghc_version}
Requires(post): ghc-compiler = %{ghc_version}
Requires(postun): ghc-compiler = %{ghc_version}
Requires:       ghc-%{name} = %{version}-%{release}

%description -n ghc-%{name}-devel
This package provides the Haskell %{name} library development files.


%prep
%setup -q

%build
%ghc_lib_build

%install
%ghc_lib_install

%check
%cabal_test

%post -n ghc-%{name}-devel
%ghc_pkg_recache

%postun -n ghc-%{name}-devel
%ghc_pkg_recache

%files
%doc LICENSE

%files -n ghc-%{name} -f ghc-%{name}.files
%defattr(-,root,root,-)
%doc LICENSE

%files -n ghc-%{name}-devel -f ghc-%{name}-devel.files
%defattr(-,root,root,-)

%changelog
