#
# spec file for package amazonka
#
# Copyright (c) 2018 SUSE LINUX GmbH, Nuernberg, Germany.
#
# All modifications and additions to the file contributed by third parties
# remain the property of their copyright owners, unless otherwise agreed
# upon. The license for this file, and modifications and additions to the
# file, is the same license as for the pristine package itself (unless the
# license for the pristine package is not an Open Source License, in which
# case the license is the MIT License). An "Open Source License" is a
# license that conforms to the Open Source Definition (Version 1.9)
# published by the Open Source Initiative.

# Please submit bugfixes or comments via http://bugs.opensuse.org/
#

%global pkg_name amazonka

%bcond_with tests

Name:           %{pkg_name}
Version:        1.5.0
Release:        0
Summary:        Comprehensive Amazon Web Services SDK
Group:          Development/Libraries/Haskell

License:        MPL-2.0
Url:            https://hackage.haskell.org/package/%{name}
Source0:        https://hackage.haskell.org/package/%{name}-%{version}/%{name}-%{version}.tar.gz

BuildRequires:  ghc-Cabal-devel
BuildRequires:  ghc-rpm-macros
BuildRequires:  ghc-amazonka-core-devel
BuildRequires:  ghc-bytestring-devel
BuildRequires:  ghc-conduit-devel
BuildRequires:  ghc-conduit-extra-devel
BuildRequires:  ghc-directory-devel
BuildRequires:  ghc-exceptions-devel
BuildRequires:  ghc-http-conduit-devel
BuildRequires:  ghc-ini-devel
BuildRequires:  ghc-mmorph-devel
BuildRequires:  ghc-monad-control-devel
BuildRequires:  ghc-mtl-devel
BuildRequires:  ghc-resourcet-devel
BuildRequires:  ghc-retry-devel
BuildRequires:  ghc-text-devel
BuildRequires:  ghc-time-devel
BuildRequires:  ghc-transformers-base-devel
BuildRequires:  ghc-transformers-compat-devel
BuildRequires:  ghc-transformers-devel
%if %{with tests}
BuildRequires:  ghc-tasty-devel
BuildRequires:  ghc-tasty-hunit-devel
%endif

%description
This client library contains request and response logic to communicate with
Amazon Web Service compatible APIs using the types supplied by the various
'amazonka-*' service libraries. See the
<http://hackage.haskell.org/packages/#cat:AWS AWS> category on Hackage for
supported services.

To get started, import the desired 'amazonka-*' library (such as
<http://hackage.haskell.org/package/amazonka-ml/docs/Network-AWS-MachineLearning.html
Network.AWS.MachineLearning>) and one of the following:

* "Control.Monad.Trans.AWS": The 'AWST' transformer and generalised operations.

* "Network.AWS": The 'AWS' monad and 'MonadAWS' type class for automatically
lifting operations when embedded as a layer in a transformer stack.

GHC 7.8.4 and higher is officially supported.


%package -n ghc-%{name}
Summary:        Haskell %{name} library
Group:          System/Libraries

%description -n ghc-%{name}
This package provides the Haskell %{name} shared library.


%package -n ghc-%{name}-devel
Summary:        Haskell %{name} library development files
Group:          Development/Libraries/Haskell
Requires:       ghc-compiler = %{ghc_version}
Requires(post): ghc-compiler = %{ghc_version}
Requires(postun): ghc-compiler = %{ghc_version}
Requires:       ghc-%{name} = %{version}-%{release}

%description -n ghc-%{name}-devel
This package provides the Haskell %{name} library development files.


%prep
%setup -q

%build
%ghc_lib_build

%install
%ghc_lib_install

%check
%cabal_test

%post -n ghc-%{name}-devel
%ghc_pkg_recache

%postun -n ghc-%{name}-devel
%ghc_pkg_recache

%files
%doc LICENSE
%doc CHANGELOG.md README.md

%files -n ghc-%{name} -f ghc-%{name}.files
%defattr(-,root,root,-)
%doc LICENSE

%files -n ghc-%{name}-devel -f ghc-%{name}-devel.files
%defattr(-,root,root,-)
%doc CHANGELOG.md README.md

%changelog
