#
# spec file for package Clipboard
#
# Copyright (c) 2020 SUSE LLC
#
# All modifications and additions to the file contributed by third parties
# remain the property of their copyright owners, unless otherwise agreed
# upon. The license for this file, and modifications and additions to the
# file, is the same license as for the pristine package itself (unless the
# license for the pristine package is not an Open Source License, in which
# case the license is the MIT License). An "Open Source License" is a
# license that conforms to the Open Source Definition (Version 1.9)
# published by the Open Source Initiative.

# Please submit bugfixes or comments via https://bugs.opensuse.org/
#


%global pkg_name Clipboard
Name:           %{pkg_name}
Version:        2.3.2.0
Release:        0
Summary:        System clipboard interface
License:        BSD-3-Clause
URL:            https://hackage.haskell.org/package/%{name}
Source0:        https://hackage.haskell.org/package/%{name}-%{version}/%{name}-%{version}.tar.gz
ExcludeArch:    %{ix86}
BuildRequires:  ghc-Cabal-devel
BuildRequires:  ghc-X11-devel
BuildRequires:  ghc-directory-devel
BuildRequires:  ghc-rpm-macros
BuildRequires:  ghc-unix-devel
BuildRequires:  ghc-utf8-string-devel

%description
/Clipboard/ is a library for easily interfacing with the system clipboard with
additional unicode support. Currently, only in a Windows or GNU/Linux (X11)
system.

For example, if you type:

> $ setClipboardString "Hello, World!"

Then you have '"Hello, World!"' available to be pasted wherever you want.

Now, if you type:

> $ modifyClipboardString reverse

You will have '"!dlroW ,olleH"' in your clipboard. So:

> $ getClipboardString > "!dlroW ,olleH"

The X11 version depends on the 'X11' package, so you will need the X11
development library available on your system at compile time. You can install
it by 'sudo apt-get install libxrandr-dev' (or the equivalent on your system).

%package -n ghc-%{name}
Summary:        Haskell %{name} library

%description -n ghc-%{name}
This package provides the Haskell %{name} shared library.

%package -n ghc-%{name}-devel
Summary:        Haskell %{name} library development files
Requires:       ghc-%{name} = %{version}-%{release}
Requires:       ghc-compiler = %{ghc_version}
Requires(post): ghc-compiler = %{ghc_version}
Requires(postun): ghc-compiler = %{ghc_version}

%description -n ghc-%{name}-devel
This package provides the Haskell %{name} library development files.

%prep
%autosetup

%build
%ghc_lib_build

%install
%ghc_lib_install

%post -n ghc-%{name}-devel
%ghc_pkg_recache

%postun -n ghc-%{name}-devel
%ghc_pkg_recache

%files
%license license
%doc README.md

%files -n ghc-%{name} -f ghc-%{name}.files
%license license

%files -n ghc-%{name}-devel -f ghc-%{name}-devel.files
%doc README.md

%changelog
