#
# spec file for package concurrency
#
# Copyright (c) 2018 SUSE LINUX GmbH, Nuernberg, Germany.
#
# All modifications and additions to the file contributed by third parties
# remain the property of their copyright owners, unless otherwise agreed
# upon. The license for this file, and modifications and additions to the
# file, is the same license as for the pristine package itself (unless the
# license for the pristine package is not an Open Source License, in which
# case the license is the MIT License). An "Open Source License" is a
# license that conforms to the Open Source Definition (Version 1.9)
# published by the Open Source Initiative.

# Please submit bugfixes or comments via http://bugs.opensuse.org/
#

%global pkg_name concurrency

Name:           %{pkg_name}
Version:        1.2.3.0
Release:        0
Summary:        Typeclasses, functions, and data types for concurrency and STM
Group:          Development/Libraries/Haskell

License:        MIT
Url:            https://hackage.haskell.org/package/%{name}
Source0:        https://hackage.haskell.org/package/%{name}-%{version}/%{name}-%{version}.tar.gz

BuildRequires:  ghc-Cabal-devel
BuildRequires:  ghc-rpm-macros
BuildRequires:  ghc-array-devel
BuildRequires:  ghc-atomic-primops-devel
BuildRequires:  ghc-exceptions-devel
BuildRequires:  ghc-monad-control-devel
BuildRequires:  ghc-mtl-devel
BuildRequires:  ghc-stm-devel
BuildRequires:  ghc-transformers-devel

%description
A typeclass abstraction over much of Control.Concurrent (and some extras!).
If you're looking for a general introduction to Haskell concurrency, you should
check out the excellent Parallel and Concurrent Programming in Haskell, by
Simon Marlow. If you are already familiar with concurrent Haskell, just change
all the imports from Control.Concurrent.* to Control.Concurrent.Classy.* and
fix the type errors.


%package -n ghc-%{name}
Summary:        Haskell %{name} library
Group:          System/Libraries

%description -n ghc-%{name}
This package provides the Haskell %{name} shared library.


%package -n ghc-%{name}-devel
Summary:        Haskell %{name} library development files
Group:          Development/Libraries/Haskell
Requires:       ghc-compiler = %{ghc_version}
Requires(post): ghc-compiler = %{ghc_version}
Requires(postun): ghc-compiler = %{ghc_version}
Requires:       ghc-%{name} = %{version}-%{release}

%description -n ghc-%{name}-devel
This package provides the Haskell %{name} library development files.


%prep
%setup -q

%build
%ghc_lib_build

%install
%ghc_lib_install

%post -n ghc-%{name}-devel
%ghc_pkg_recache

%postun -n ghc-%{name}-devel
%ghc_pkg_recache

%files
%doc LICENSE
%doc CHANGELOG.markdown README.markdown

%files -n ghc-%{name} -f ghc-%{name}.files
%defattr(-,root,root,-)
%doc LICENSE

%files -n ghc-%{name}-devel -f ghc-%{name}-devel.files
%defattr(-,root,root,-)
%doc CHANGELOG.markdown README.markdown

%changelog
