#
# spec file for package data-msgpack
#
# Copyright (c) 2020 SUSE LINUX GmbH, Nuernberg, Germany.
#
# All modifications and additions to the file contributed by third parties
# remain the property of their copyright owners, unless otherwise agreed
# upon. The license for this file, and modifications and additions to the
# file, is the same license as for the pristine package itself (unless the
# license for the pristine package is not an Open Source License, in which
# case the license is the MIT License). An "Open Source License" is a
# license that conforms to the Open Source Definition (Version 1.9)
# published by the Open Source Initiative.

# Please submit bugfixes or comments via http://bugs.opensuse.org/
#


%global pkg_name data-msgpack
%bcond_with tests
Name:           %{pkg_name}
Version:        0.0.10
Release:        0
Summary:        A Haskell implementation of MessagePack
License:        BSD-3-Clause
URL:            https://hackage.haskell.org/package/%{name}
Source0:        https://hackage.haskell.org/package/%{name}-%{version}/%{name}-%{version}.tar.gz
BuildRequires:  chrpath
BuildRequires:  ghc-Cabal-devel
BuildRequires:  ghc-QuickCheck-devel
BuildRequires:  ghc-binary-devel
BuildRequires:  ghc-bytestring-devel
BuildRequires:  ghc-containers-devel
BuildRequires:  ghc-data-binary-ieee754-devel
BuildRequires:  ghc-deepseq-devel
BuildRequires:  ghc-groom-devel
BuildRequires:  ghc-hashable-devel
BuildRequires:  ghc-rpm-macros
BuildRequires:  ghc-text-devel
BuildRequires:  ghc-unordered-containers-devel
BuildRequires:  ghc-vector-devel
BuildRequires:  ghc-void-devel
%if %{with tests}
BuildRequires:  ghc-hspec-devel
%endif

%description
A Haskell implementation of MessagePack <http://msgpack.org/>

This is a fork of msgpack-haskell <https://github.com/msgpack/msgpack-haskell>,
since the original author is unreachable. This fork incorporates a number of
bugfixes and is actively being developed.

%package -n ghc-%{name}
Summary:        Haskell %{name} library

%description -n ghc-%{name}
This package provides the Haskell %{name} shared library.

%package -n ghc-%{name}-devel
Summary:        Haskell %{name} library development files
Requires:       ghc-%{name} = %{version}-%{release}
Requires:       ghc-compiler = %{ghc_version}
Requires(post): ghc-compiler = %{ghc_version}
Requires(postun): ghc-compiler = %{ghc_version}

%description -n ghc-%{name}-devel
This package provides the Haskell %{name} library development files.

%prep
%setup -q

%build
%ghc_lib_build

%install
%ghc_lib_install
%ghc_fix_rpath %{pkg_name}-%{version}

%check
%cabal_test

%post -n ghc-%{name}-devel
%ghc_pkg_recache

%postun -n ghc-%{name}-devel
%ghc_pkg_recache

%files
%license LICENSE
%{_bindir}/msgpack-parser

%files -n ghc-%{name} -f ghc-%{name}.files
%license LICENSE

%files -n ghc-%{name}-devel -f ghc-%{name}-devel.files

%changelog
