#
# spec file for package dhall-bash
#
# Copyright (c) 2020 SUSE LINUX GmbH, Nuernberg, Germany.
#
# All modifications and additions to the file contributed by third parties
# remain the property of their copyright owners, unless otherwise agreed
# upon. The license for this file, and modifications and additions to the
# file, is the same license as for the pristine package itself (unless the
# license for the pristine package is not an Open Source License, in which
# case the license is the MIT License). An "Open Source License" is a
# license that conforms to the Open Source Definition (Version 1.9)
# published by the Open Source Initiative.

# Please submit bugfixes or comments via http://bugs.opensuse.org/
#


%global pkg_name dhall-bash
Name:           %{pkg_name}
Version:        1.0.6
Release:        0
Summary:        Compile Dhall to Bash
License:        BSD-3-Clause
URL:            https://hackage.haskell.org/package/%{name}
Source0:        https://hackage.haskell.org/package/%{name}-%{version}/%{name}-%{version}.tar.gz
BuildRequires:  chrpath
BuildRequires:  ghc-Cabal-devel
BuildRequires:  ghc-bytestring-devel
BuildRequires:  ghc-containers-devel
BuildRequires:  ghc-dhall-devel
BuildRequires:  ghc-neat-interpolation-devel
BuildRequires:  ghc-optparse-generic-devel
BuildRequires:  ghc-rpm-macros
BuildRequires:  ghc-shell-escape-devel
BuildRequires:  ghc-text-devel
BuildRequires:  ghc-text-format-devel
BuildRequires:  ghc-trifecta-devel
BuildRequires:  ghc-vector-devel

%description
Use this package if you want to compile Dhall expressions to Bash. You can use
this package as a library or an executable:

* See the "Dhall.Bash" module if you want to use this package as a library

* Use the 'dhall-to-bash' if you want an executable

The "Dhall.Bash" module also contains instructions for how to use this package.

%package -n ghc-%{name}
Summary:        Haskell %{name} library

%description -n ghc-%{name}
This package provides the Haskell %{name} shared library.

%package -n ghc-%{name}-devel
Summary:        Haskell %{name} library development files
Requires:       ghc-%{name} = %{version}-%{release}
Requires:       ghc-compiler = %{ghc_version}
Requires(post): ghc-compiler = %{ghc_version}
Requires(postun): ghc-compiler = %{ghc_version}

%description -n ghc-%{name}-devel
This package provides the Haskell %{name} library development files.

%prep
%setup -q

%build
%ghc_lib_build

%install
%ghc_lib_install
%ghc_fix_rpath %{pkg_name}-%{version}

%post -n ghc-%{name}-devel
%ghc_pkg_recache

%postun -n ghc-%{name}-devel
%ghc_pkg_recache

%files
%license LICENSE
%{_bindir}/dhall-to-bash

%files -n ghc-%{name} -f ghc-%{name}.files
%license LICENSE

%files -n ghc-%{name}-devel -f ghc-%{name}-devel.files

%changelog
