#
# spec file for package effect-handlers
#
# Copyright (c) 2018 SUSE LINUX GmbH, Nuernberg, Germany.
#
# All modifications and additions to the file contributed by third parties
# remain the property of their copyright owners, unless otherwise agreed
# upon. The license for this file, and modifications and additions to the
# file, is the same license as for the pristine package itself (unless the
# license for the pristine package is not an Open Source License, in which
# case the license is the MIT License). An "Open Source License" is a
# license that conforms to the Open Source Definition (Version 1.9)
# published by the Open Source Initiative.

# Please submit bugfixes or comments via http://bugs.opensuse.org/
#

%global pkg_name effect-handlers

%bcond_with tests

Name:           %{pkg_name}
Version:        0.1.0.8
Release:        0
Summary:        A library for writing extensible algebraic effects and handlers. Similar to extensible-effects but with deep handlers
Group:          Development/Libraries/Haskell

License:        MIT
Url:            https://hackage.haskell.org/package/%{name}
Source0:        https://hackage.haskell.org/package/%{name}-%{version}/%{name}-%{version}.tar.gz

BuildRequires:  ghc-Cabal-devel
BuildRequires:  ghc-rpm-macros
BuildRequires:  ghc-free-devel
BuildRequires:  ghc-kan-extensions-devel
BuildRequires:  ghc-mtl-devel
%if %{with tests}
BuildRequires:  ghc-HUnit-devel
BuildRequires:  ghc-QuickCheck-devel
BuildRequires:  ghc-hspec-devel
BuildRequires:  ghc-hspec-discover-devel
%endif

%description
This is an extensible effects library for Haskell taking inspiration from the
Eff language <http://www.eff-lang.org/>.

See these papers for the ideas and theory behind the library:

- O. Kammar et al: Handlers in Action!
<http://homepages.inf.ed.ac.uk/slindley/papers/handlers.pdf> - A.
Bauer, M. Pretnar: Programming with Algebraic Effects and Handlers
<http://arxiv.org/abs/1203.1539> - O Kiselyov, A Sabry, C Swords: Extensible
Effects <http://dl.acm.org/citation.cfm?id=2503791>

Implementation wise it's most close to 'extensible-effects'
<http://hackage.haskell.org/package/extensible-effects> (also see the
Extensible Effects paper) but it implements deep handlers instead of shallow.

' import Control.Effects.Cont.Eff import Control.Effects.Cont.Reader import
Control.Effects.Cont.Exception

program = do &#32;&#32;v <- ask &#32;&#32;if v < 15 &#32;&#32;then throw $ show
v &#32;&#32;else return (v+1)

run n = runPure . handle exceptionHandler . handle (readerHandler n)

res :: Integer -> Either String Integer res n = run n program '.


%package -n ghc-%{name}
Summary:        Haskell %{name} library
Group:          System/Libraries

%description -n ghc-%{name}
This package provides the Haskell %{name} shared library.


%package -n ghc-%{name}-devel
Summary:        Haskell %{name} library development files
Group:          Development/Libraries/Haskell
Requires:       ghc-compiler = %{ghc_version}
Requires(post): ghc-compiler = %{ghc_version}
Requires(postun): ghc-compiler = %{ghc_version}
Requires:       ghc-%{name} = %{version}-%{release}

%description -n ghc-%{name}-devel
This package provides the Haskell %{name} library development files.


%prep
%setup -q

%build
%ghc_lib_build

%install
%ghc_lib_install

%check
%cabal_test

%post -n ghc-%{name}-devel
%ghc_pkg_recache

%postun -n ghc-%{name}-devel
%ghc_pkg_recache

%files
%doc LICENSE
%doc README.md

%files -n ghc-%{name} -f ghc-%{name}.files
%defattr(-,root,root,-)
%doc LICENSE

%files -n ghc-%{name}-devel -f ghc-%{name}-devel.files
%defattr(-,root,root,-)
%doc README.md

%changelog
