#
# spec file for package ekg
#
# Copyright (c) 2018 SUSE LINUX GmbH, Nuernberg, Germany.
#
# All modifications and additions to the file contributed by third parties
# remain the property of their copyright owners, unless otherwise agreed
# upon. The license for this file, and modifications and additions to the
# file, is the same license as for the pristine package itself (unless the
# license for the pristine package is not an Open Source License, in which
# case the license is the MIT License). An "Open Source License" is a
# license that conforms to the Open Source Definition (Version 1.9)
# published by the Open Source Initiative.

# Please submit bugfixes or comments via http://bugs.opensuse.org/
#

%global pkg_name ekg

Name:           %{pkg_name}
Version:        0.4.0.14
Release:        0
Summary:        Remote monitoring of processes
Group:          Development/Libraries/Haskell

License:        BSD-3-Clause
Url:            https://hackage.haskell.org/package/%{name}
Source0:        https://hackage.haskell.org/package/%{name}-%{version}/%{name}-%{version}.tar.gz

BuildRequires:  ghc-Cabal-devel
BuildRequires:  ghc-rpm-macros
BuildRequires:  ghc-aeson-devel
BuildRequires:  ghc-bytestring-devel
BuildRequires:  ghc-ekg-core-devel
BuildRequires:  ghc-ekg-json-devel
BuildRequires:  ghc-filepath-devel
BuildRequires:  ghc-network-devel
BuildRequires:  ghc-snap-core-devel
BuildRequires:  ghc-snap-server-devel
BuildRequires:  ghc-text-devel
BuildRequires:  ghc-time-devel
BuildRequires:  ghc-transformers-devel
BuildRequires:  ghc-unordered-containers-devel

%description
This library lets you remotely monitor a running process over HTTP. It provides
a simple way to integrate a monitoring server into any application.


%package -n ghc-%{name}
Summary:        Haskell %{name} library
Group:          System/Libraries

%description -n ghc-%{name}
This package provides the Haskell %{name} shared library.


%package -n ghc-%{name}-devel
Summary:        Haskell %{name} library development files
Group:          Development/Libraries/Haskell
Requires:       ghc-compiler = %{ghc_version}
Requires(post): ghc-compiler = %{ghc_version}
Requires(postun): ghc-compiler = %{ghc_version}
Requires:       ghc-%{name} = %{version}-%{release}

%description -n ghc-%{name}-devel
This package provides the Haskell %{name} library development files.


%prep
%setup -q

%build
%ghc_lib_build

%install
%ghc_lib_install

%post -n ghc-%{name}-devel
%ghc_pkg_recache

%postun -n ghc-%{name}-devel
%ghc_pkg_recache

%files
%doc LICENSE
%doc CHANGES.md LICENSE.icons LICENSE.javascript README.md examples
%dir %{_datadir}/%{name}-%{version}
%dir %{_datadir}/%{name}-%{version}/assets
%{_datadir}/%{name}-%{version}/assets/index.html
%{_datadir}/%{name}-%{version}/assets/monitor.js
%{_datadir}/%{name}-%{version}/assets/monitor.css
%{_datadir}/%{name}-%{version}/assets/jquery.flot.min.js
%{_datadir}/%{name}-%{version}/assets/jquery-1.6.4.min.js
%{_datadir}/%{name}-%{version}/assets/bootstrap-1.4.0.min.css
%{_datadir}/%{name}-%{version}/assets/chart_line_add.png
%{_datadir}/%{name}-%{version}/assets/cross.png

%files -n ghc-%{name} -f ghc-%{name}.files
%defattr(-,root,root,-)
%doc LICENSE

%files -n ghc-%{name}-devel -f ghc-%{name}-devel.files
%defattr(-,root,root,-)
%doc CHANGES.md LICENSE.icons LICENSE.javascript README.md examples

%changelog
