#
# spec file for package fedora-haskell-tools
#
# Copyright (c) 2018 SUSE LINUX GmbH, Nuernberg, Germany.
#
# All modifications and additions to the file contributed by third parties
# remain the property of their copyright owners, unless otherwise agreed
# upon. The license for this file, and modifications and additions to the
# file, is the same license as for the pristine package itself (unless the
# license for the pristine package is not an Open Source License, in which
# case the license is the MIT License). An "Open Source License" is a
# license that conforms to the Open Source Definition (Version 1.9)
# published by the Open Source Initiative.

# Please submit bugfixes or comments via http://bugs.opensuse.org/
#

Name:           fedora-haskell-tools
Version:        0.4
Release:        0
Summary:        Building and managing tools for Fedora Haskell
Group:          Development/Libraries/Haskell

License:        GPL-3.0+
Url:            https://hackage.haskell.org/package/%{name}
Source0:        https://hackage.haskell.org/package/%{name}-%{version}/%{name}-%{version}.tar.gz

BuildRequires:  ghc-Cabal-devel
BuildRequires:  ghc-rpm-macros
BuildRequires:  ghc-directory-devel
BuildRequires:  ghc-filepath-devel
BuildRequires:  ghc-process-devel
BuildRequires:  ghc-time-devel
BuildRequires:  ghc-unix-devel

%description
Tools for building and managing Fedora Haskell packages.


%prep
%setup -q

%build
%ghc_bin_build

%install
%ghc_bin_install

%files
%doc COPYING
%doc ChangeLog README.md TODO
%{_bindir}/fhbuild
%{_bindir}/fhbz
%{_bindir}/fhpkg

%changelog
