#
# spec file for package feed
#
# Copyright (c) 2018 SUSE LINUX GmbH, Nuernberg, Germany.
#
# All modifications and additions to the file contributed by third parties
# remain the property of their copyright owners, unless otherwise agreed
# upon. The license for this file, and modifications and additions to the
# file, is the same license as for the pristine package itself (unless the
# license for the pristine package is not an Open Source License, in which
# case the license is the MIT License). An "Open Source License" is a
# license that conforms to the Open Source Definition (Version 1.9)
# published by the Open Source Initiative.

# Please submit bugfixes or comments via http://bugs.opensuse.org/
#

%global pkg_name feed

%bcond_with tests

Name:           %{pkg_name}
Version:        1.0.0.0
Release:        0
Summary:        Interfacing with RSS (v 0.9x, 2.x, 1.0) + Atom feeds
Group:          Development/Libraries/Haskell

License:        BSD-3-Clause
Url:            https://hackage.haskell.org/package/%{name}
Source0:        https://hackage.haskell.org/package/%{name}-%{version}/%{name}-%{version}.tar.gz

BuildRequires:  ghc-Cabal-devel
BuildRequires:  ghc-rpm-macros
BuildRequires:  ghc-base-compat-devel
BuildRequires:  ghc-bytestring-devel
BuildRequires:  ghc-old-locale-devel
BuildRequires:  ghc-old-time-devel
BuildRequires:  ghc-safe-devel
BuildRequires:  ghc-text-devel
BuildRequires:  ghc-time-devel
BuildRequires:  ghc-time-locale-compat-devel
BuildRequires:  ghc-utf8-string-devel
BuildRequires:  ghc-xml-conduit-devel
BuildRequires:  ghc-xml-types-devel
%if %{with tests}
BuildRequires:  ghc-HUnit-devel
BuildRequires:  ghc-test-framework-devel
BuildRequires:  ghc-test-framework-hunit-devel
%endif

%description
Interfacing with RSS (v 0.9x, 2.x, 1.0) + Atom feeds.

To help working with the multiple feed formats we've ended up with, this set of
modules provides parsers, pretty printers and some utility code for querying
and just generally working with a concrete representation of feeds in Haskell.

See here for an example of how to create an Atom feed:
<https://github.com/bergmark/feed/blob/master/tests/Example/CreateAtom.hs>

For basic reading and editing of feeds, consult the documentation of the
Text.Feed.* hierarchy.


%package -n ghc-%{name}
Summary:        Haskell %{name} library
Group:          System/Libraries

%description -n ghc-%{name}
This package provides the Haskell %{name} shared library.


%package -n ghc-%{name}-devel
Summary:        Haskell %{name} library development files
Group:          Development/Libraries/Haskell
Requires:       ghc-compiler = %{ghc_version}
Requires(post): ghc-compiler = %{ghc_version}
Requires(postun): ghc-compiler = %{ghc_version}
Requires:       ghc-%{name} = %{version}-%{release}

%description -n ghc-%{name}-devel
This package provides the Haskell %{name} library development files.


%prep
%setup -q

%build
%ghc_lib_build

%install
%ghc_lib_install

%check
%cabal_test

%post -n ghc-%{name}-devel
%ghc_pkg_recache

%postun -n ghc-%{name}-devel
%ghc_pkg_recache

%files
%doc LICENSE
%doc CHANGELOG.md README.md
%dir %{_datadir}/%{name}-%{version}
%dir %{_datadir}/%{name}-%{version}/tests
%dir %{_datadir}/%{name}-%{version}/tests/files
%{_datadir}/%{name}-%{version}/tests/files/*.xml

%files -n ghc-%{name} -f ghc-%{name}.files
%defattr(-,root,root,-)
%doc LICENSE

%files -n ghc-%{name}-devel -f ghc-%{name}-devel.files
%defattr(-,root,root,-)
%doc CHANGELOG.md README.md

%changelog
