#
# spec file for package funcmp
#
# Copyright (c) 2020 SUSE LLC
#
# All modifications and additions to the file contributed by third parties
# remain the property of their copyright owners, unless otherwise agreed
# upon. The license for this file, and modifications and additions to the
# file, is the same license as for the pristine package itself (unless the
# license for the pristine package is not an Open Source License, in which
# case the license is the MIT License). An "Open Source License" is a
# license that conforms to the Open Source Definition (Version 1.9)
# published by the Open Source Initiative.

# Please submit bugfixes or comments via https://bugs.opensuse.org/
#


%global pkg_name funcmp
Name:           %{pkg_name}
Version:        1.8
Release:        0
Summary:        Functional MetaPost
License:        GPL-3.0-or-later
URL:            https://hackage.haskell.org/package/%{name}
Source0:        https://hackage.haskell.org/package/%{name}-%{version}/%{name}-%{version}.tar.gz
BuildRequires:  ghc-Cabal-devel
BuildRequires:  ghc-filepath-devel
BuildRequires:  ghc-process-devel
BuildRequires:  ghc-rpm-macros

%description
Functional MetaPost is a Haskell frontend to the MetaPost language by John
Hobby. Users write their graphics as Haskell programs, which then emit MetaPost
code that can be compiled into encapsulated PostScript files and smoothly
included into e.g. LaTeX.

A collection of useful examples how to use Functional MetaPost can be found in
the user's manual at
<http://download.savannah.nongnu.org/releases/funcmp/Manual_eng.ps>.
The document doesn't offer very much detail in terms of explanations, but the
code samples are quite helpful.

Further documentation can be found in the original thesis that describes the
implementation. The text is available in German at
<http://download.savannah.nongnu.org/releases/funcmp/Thesis.ps> and in English
at <http://download.savannah.nongnu.org/releases/funcmp/Thesis_eng.ps>.

Last but not least, there is a tutorial that offers many helpful examples
available in German at
<http://download.savannah.nongnu.org/releases/funcmp/Tutorial.ps> and in
English at
<http://download.savannah.nongnu.org/releases/funcmp/Tutorial_eng.ps>.

%package -n ghc-%{name}
Summary:        Haskell %{name} library

%description -n ghc-%{name}
This package provides the Haskell %{name} shared library.

%package -n ghc-%{name}-devel
Summary:        Haskell %{name} library development files
Requires:       ghc-%{name} = %{version}-%{release}
Requires:       ghc-compiler = %{ghc_version}
Requires(post): ghc-compiler = %{ghc_version}
Requires(postun): ghc-compiler = %{ghc_version}

%description -n ghc-%{name}-devel
This package provides the Haskell %{name} library development files.

%prep
%autosetup

%build
%ghc_lib_build

%install
%ghc_lib_install

%post -n ghc-%{name}-devel
%ghc_pkg_recache

%postun -n ghc-%{name}-devel
%ghc_pkg_recache

%files
%license COPYING
%dir %{_datadir}/%{name}-%{version}
%dir %{_datadir}/%{name}-%{version}/doc
%dir %{_datadir}/%{name}-%{version}/texmf
%{_datadir}/%{name}-%{version}/doc/FMPMain.hs
%{_datadir}/%{name}-%{version}/doc/Manual.lhs
%{_datadir}/%{name}-%{version}/doc/Manual_eng.lhs
%{_datadir}/%{name}-%{version}/doc/README.doc
%{_datadir}/%{name}-%{version}/doc/Tutorial.lhs
%{_datadir}/%{name}-%{version}/doc/Tutorial_eng.lhs
%{_datadir}/%{name}-%{version}/doc/fmp.ini
%{_datadir}/%{name}-%{version}/doc/lhs2TeX.fmt
%{_datadir}/%{name}-%{version}/texmf/FuncMP.mp
%{_datadir}/%{name}-%{version}/texmf/fmp1.mf
%{_datadir}/%{name}-%{version}/texmf/fmp24.mf
%{_datadir}/%{name}-%{version}/texmf/fmp8.mf

%files -n ghc-%{name} -f ghc-%{name}.files
%license COPYING

%files -n ghc-%{name}-devel -f ghc-%{name}-devel.files

%changelog
