#
# spec file for package Genbank
#
# Copyright (c) 2018 SUSE LINUX GmbH, Nuernberg, Germany.
#
# All modifications and additions to the file contributed by third parties
# remain the property of their copyright owners, unless otherwise agreed
# upon. The license for this file, and modifications and additions to the
# file, is the same license as for the pristine package itself (unless the
# license for the pristine package is not an Open Source License, in which
# case the license is the MIT License). An "Open Source License" is a
# license that conforms to the Open Source Definition (Version 1.9)
# published by the Open Source Initiative.

# Please submit bugfixes or comments via http://bugs.opensuse.org/
#

%global pkg_name Genbank

Name:           %{pkg_name}
Version:        1.0.3
Release:        0
Summary:        Libary for processing the NCBI genbank format
Group:          Development/Libraries/Haskell

License:        GPL-1.0+
Url:            https://hackage.haskell.org/package/%{name}
Source0:        https://hackage.haskell.org/package/%{name}-%{version}/%{name}-%{version}.tar.gz

BuildRequires:  ghc-Cabal-devel
BuildRequires:  ghc-rpm-macros
BuildRequires:  chrpath
BuildRequires:  ghc-biocore-devel
BuildRequires:  ghc-biofasta-devel
BuildRequires:  ghc-bytestring-devel
BuildRequires:  ghc-cmdargs-devel
BuildRequires:  ghc-parsec-devel
BuildRequires:  ghc-split-devel

%description
Haskell cabal Genbank libary contains tools, parser and datastructures for the
NCBI (National Center for Biotechnology Information) Genbank format.

For more information on genbank refer to:
<http://www.ncbi.nlm.nih.gov/genbank/>

For a sample genbank record see:
<http://www.ncbi.nlm.nih.gov/Sitemap/samplerecord.html>

"Bio.GenbankData" - Datastructures for Genbank format

Contains Haskell datastructures for Genbank format and for contained features,
subfeatures

"Bio.GenbankParser" - Parse Genbank format

Contains Haskell functions to parse Genbank format from files or internal
Strings.

"Bio.GenbankTools" - Tools for processing Genbank

Contains Haskell functions to extract nucleotide sequences for features.


%package -n ghc-%{name}
Summary:        Haskell %{name} library
Group:          System/Libraries

%description -n ghc-%{name}
This package provides the Haskell %{name} shared library.


%package -n ghc-%{name}-devel
Summary:        Haskell %{name} library development files
Group:          Development/Libraries/Haskell
Requires:       ghc-compiler = %{ghc_version}
Requires(post): ghc-compiler = %{ghc_version}
Requires(postun): ghc-compiler = %{ghc_version}
Requires:       ghc-%{name} = %{version}-%{release}

%description -n ghc-%{name}-devel
This package provides the Haskell %{name} library development files.


%prep
%setup -q

%build
%ghc_lib_build

%install
%ghc_lib_install
%ghc_fix_rpath %{pkg_name}-%{version}

%post -n ghc-%{name}-devel
%ghc_pkg_recache

%postun -n ghc-%{name}-devel
%ghc_pkg_recache

%files
%doc LICENSE
%doc README.md
%{_bindir}/GenbankTest

%files -n ghc-%{name} -f ghc-%{name}.files
%defattr(-,root,root,-)
%doc LICENSE

%files -n ghc-%{name}-devel -f ghc-%{name}-devel.files
%defattr(-,root,root,-)
%doc README.md

%changelog
