#
# spec file for package groom
#
# Copyright (c) 2018 SUSE LINUX GmbH, Nuernberg, Germany.
#
# All modifications and additions to the file contributed by third parties
# remain the property of their copyright owners, unless otherwise agreed
# upon. The license for this file, and modifications and additions to the
# file, is the same license as for the pristine package itself (unless the
# license for the pristine package is not an Open Source License, in which
# case the license is the MIT License). An "Open Source License" is a
# license that conforms to the Open Source Definition (Version 1.9)
# published by the Open Source Initiative.

# Please submit bugfixes or comments via http://bugs.opensuse.org/
#

%global pkg_name groom

Name:           %{pkg_name}
Version:        0.1.2.1
Release:        0
Summary:        Pretty printing for well-behaved Show instances
Group:          Development/Libraries/Haskell

License:        BSD-3-Clause
Url:            https://hackage.haskell.org/package/%{name}
Source0:        https://hackage.haskell.org/package/%{name}-%{version}/%{name}-%{version}.tar.gz

BuildRequires:  ghc-Cabal-devel
BuildRequires:  ghc-rpm-macros
BuildRequires:  chrpath
BuildRequires:  ghc-haskell-src-exts-devel

%description
Automatically derived Show instances are an easy way to inspect data in your
program. However, for large data-structures, the resulting output lacks
whitespace, making it unreadable. Groom offers an replacement to `show' called
`groom' which attempts to pretty-print the output of `show'. For example:

> let x = parseExp "foobar 1 [1,2]" > in do > putStrLn (show x) > putStrLn
(groom x)

results in:

> ParseOk (App (App (Var (UnQual (Ident "foobar"))) (Lit (Int 1))) (List [Lit
(Int 1),Lit (Int 2)])) > ParseOk > (App (App (Var (UnQual (Ident "foobar")))
(Lit (Int 1))) > (List [Lit (Int 1), Lit (Int 2)]))

Groom works only on Show instances that output valid Haskell code; if Groom
can't understand its input, it will not make any changes.


%package -n ghc-%{name}
Summary:        Haskell %{name} library
Group:          System/Libraries

%description -n ghc-%{name}
This package provides the Haskell %{name} shared library.


%package -n ghc-%{name}-devel
Summary:        Haskell %{name} library development files
Group:          Development/Libraries/Haskell
Requires:       ghc-compiler = %{ghc_version}
Requires(post): ghc-compiler = %{ghc_version}
Requires(postun): ghc-compiler = %{ghc_version}
Requires:       ghc-%{name} = %{version}-%{release}

%description -n ghc-%{name}-devel
This package provides the Haskell %{name} library development files.


%prep
%setup -q

%build
%ghc_lib_build

%install
%ghc_lib_install
%ghc_fix_rpath %{pkg_name}-%{version}

%post -n ghc-%{name}-devel
%ghc_pkg_recache

%postun -n ghc-%{name}-devel
%ghc_pkg_recache

%files
%doc LICENSE
%{_bindir}/%{name}

%files -n ghc-%{name} -f ghc-%{name}.files
%defattr(-,root,root,-)
%doc LICENSE

%files -n ghc-%{name}-devel -f ghc-%{name}-devel.files
%defattr(-,root,root,-)

%changelog
