#
# spec file for package haskell-tools-rewrite
#
# Copyright (c) 2018 SUSE LINUX GmbH, Nuernberg, Germany.
#
# All modifications and additions to the file contributed by third parties
# remain the property of their copyright owners, unless otherwise agreed
# upon. The license for this file, and modifications and additions to the
# file, is the same license as for the pristine package itself (unless the
# license for the pristine package is not an Open Source License, in which
# case the license is the MIT License). An "Open Source License" is a
# license that conforms to the Open Source Definition (Version 1.9)
# published by the Open Source Initiative.

# Please submit bugfixes or comments via http://bugs.opensuse.org/
#


%global pkg_name haskell-tools-rewrite
%bcond_with tests
Name:           %{pkg_name}
Version:        1.0.0.3
Release:        0
Summary:        Facilities for generating new parts of the Haskell-Tools AST
License:        BSD-3-Clause
Group:          Development/Libraries/Haskell
URL:            https://hackage.haskell.org/package/%{name}
Source0:        https://hackage.haskell.org/package/%{name}-%{version}/%{name}-%{version}.tar.gz
BuildRequires:  ghc-Cabal-devel
BuildRequires:  ghc-containers-devel
BuildRequires:  ghc-ghc-devel
BuildRequires:  ghc-haskell-tools-ast-devel
BuildRequires:  ghc-haskell-tools-prettyprint-devel
BuildRequires:  ghc-mtl-devel
BuildRequires:  ghc-references-devel
BuildRequires:  ghc-rpm-macros
%if %{with tests}
BuildRequires:  ghc-directory-devel
BuildRequires:  ghc-filepath-devel
BuildRequires:  ghc-tasty-devel
BuildRequires:  ghc-tasty-hunit-devel
%endif

%description
Contains utility functions to generate parts of the Haskell-Tools AST.
Generates these elements to be compatible with the source annotations that are
already present on the AST. The package is divided into modules based on which
language elements can the given module generate. This packages should be used
during the transformations to generate parts of the new AST.

%package -n ghc-%{name}
Summary:        Haskell %{name} library
Group:          System/Libraries

%description -n ghc-%{name}
This package provides the Haskell %{name} shared library.

%package -n ghc-%{name}-devel
Summary:        Haskell %{name} library development files
Group:          Development/Libraries/Haskell
Requires:       ghc-%{name} = %{version}-%{release}
Requires:       ghc-compiler = %{ghc_version}
Requires(post): ghc-compiler = %{ghc_version}
Requires(postun): ghc-compiler = %{ghc_version}

%description -n ghc-%{name}-devel
This package provides the Haskell %{name} library development
files.

%prep
%setup -q

%build
%ghc_lib_build

%install
%ghc_lib_install

%check
%cabal_test

%post -n ghc-%{name}-devel
%ghc_pkg_recache

%postun -n ghc-%{name}-devel
%ghc_pkg_recache

%files
%license LICENSE

%files -n ghc-%{name} -f ghc-%{name}.files
%license LICENSE

%files -n ghc-%{name}-devel -f ghc-%{name}-devel.files

%changelog
