#
# spec file for package http-streams
#
# Copyright (c) 2018 SUSE LINUX GmbH, Nuernberg, Germany.
#
# All modifications and additions to the file contributed by third parties
# remain the property of their copyright owners, unless otherwise agreed
# upon. The license for this file, and modifications and additions to the
# file, is the same license as for the pristine package itself (unless the
# license for the pristine package is not an Open Source License, in which
# case the license is the MIT License). An "Open Source License" is a
# license that conforms to the Open Source Definition (Version 1.9)
# published by the Open Source Initiative.

# Please submit bugfixes or comments via http://bugs.opensuse.org/
#

%global pkg_name http-streams

%bcond_with tests

Name:           %{pkg_name}
Version:        0.8.5.5
Release:        0
Summary:        An HTTP client using io-streams
Group:          Development/Libraries/Haskell

License:        BSD-3-Clause
Url:            https://hackage.haskell.org/package/%{name}
Source0:        https://hackage.haskell.org/package/%{name}-%{version}/%{name}-%{version}.tar.gz

BuildRequires:  ghc-Cabal-devel
BuildRequires:  ghc-rpm-macros
BuildRequires:  ghc-HsOpenSSL-devel
BuildRequires:  ghc-aeson-devel
BuildRequires:  ghc-attoparsec-devel
BuildRequires:  ghc-base64-bytestring-devel
BuildRequires:  ghc-blaze-builder-devel
BuildRequires:  ghc-bytestring-devel
BuildRequires:  ghc-case-insensitive-devel
BuildRequires:  ghc-directory-devel
BuildRequires:  ghc-http-common-devel
BuildRequires:  ghc-io-streams-devel
BuildRequires:  ghc-mtl-devel
BuildRequires:  ghc-network-devel
BuildRequires:  ghc-network-uri-devel
BuildRequires:  ghc-openssl-streams-devel
BuildRequires:  ghc-text-devel
BuildRequires:  ghc-transformers-devel
BuildRequires:  ghc-unordered-containers-devel
%if %{with tests}
BuildRequires:  ghc-HUnit-devel
BuildRequires:  ghc-aeson-pretty-devel
BuildRequires:  ghc-hspec-devel
BuildRequires:  ghc-hspec-expectations-devel
BuildRequires:  ghc-lifted-base-devel
BuildRequires:  ghc-snap-core-devel
BuildRequires:  ghc-snap-server-devel
BuildRequires:  ghc-system-fileio-devel
BuildRequires:  ghc-system-filepath-devel
%endif

%description
/Overview/

An HTTP client, using the Snap Framework's 'io-streams' library to hande the
streaming IO. The API is optimized for ease of use for the rather common case
of code needing to query web services and deal with the result.

The library is exported in a single module; see "Network.Http.Client" for full
documentation.


%package -n ghc-%{name}
Summary:        Haskell %{name} library
Group:          System/Libraries

%description -n ghc-%{name}
This package provides the Haskell %{name} shared library.


%package -n ghc-%{name}-devel
Summary:        Haskell %{name} library development files
Group:          Development/Libraries/Haskell
Requires:       ghc-compiler = %{ghc_version}
Requires(post): ghc-compiler = %{ghc_version}
Requires(postun): ghc-compiler = %{ghc_version}
Requires:       ghc-%{name} = %{version}-%{release}

%description -n ghc-%{name}-devel
This package provides the Haskell %{name} library development files.


%prep
%setup -q

%build
%ghc_lib_build

%install
%ghc_lib_install

%check
%cabal_test

%post -n ghc-%{name}-devel
%ghc_pkg_recache

%postun -n ghc-%{name}-devel
%ghc_pkg_recache

%files
%doc LICENCE
%doc CHANGELOG.markdown README.markdown

%files -n ghc-%{name} -f ghc-%{name}.files
%defattr(-,root,root,-)
%doc LICENCE

%files -n ghc-%{name}-devel -f ghc-%{name}-devel.files
%defattr(-,root,root,-)
%doc CHANGELOG.markdown README.markdown

%changelog
