#
# spec file for package irc-conduit
#
# Copyright (c) 2018 SUSE LINUX GmbH, Nuernberg, Germany.
#
# All modifications and additions to the file contributed by third parties
# remain the property of their copyright owners, unless otherwise agreed
# upon. The license for this file, and modifications and additions to the
# file, is the same license as for the pristine package itself (unless the
# license for the pristine package is not an Open Source License, in which
# case the license is the MIT License). An "Open Source License" is a
# license that conforms to the Open Source Definition (Version 1.9)
# published by the Open Source Initiative.

# Please submit bugfixes or comments via http://bugs.opensuse.org/
#

%global pkg_name irc-conduit

Name:           %{pkg_name}
Version:        0.2.2.4
Release:        0
Summary:        Streaming IRC message library using conduits
Group:          Development/Libraries/Haskell

License:        MIT
Url:            https://hackage.haskell.org/package/%{name}
Source0:        https://hackage.haskell.org/package/%{name}-%{version}/%{name}-%{version}.tar.gz

BuildRequires:  ghc-Cabal-devel
BuildRequires:  ghc-rpm-macros
BuildRequires:  ghc-async-devel
BuildRequires:  ghc-bytestring-devel
BuildRequires:  ghc-conduit-devel
BuildRequires:  ghc-conduit-extra-devel
BuildRequires:  ghc-connection-devel
BuildRequires:  ghc-irc-ctcp-devel
BuildRequires:  ghc-irc-devel
BuildRequires:  ghc-network-conduit-tls-devel
BuildRequires:  ghc-profunctors-devel
BuildRequires:  ghc-text-devel
BuildRequires:  ghc-time-devel
BuildRequires:  ghc-tls-devel
BuildRequires:  ghc-transformers-devel
BuildRequires:  ghc-x509-validation-devel

%description
IRC messages consist of an optional identifying prefix, a command name, and a
list of arguments. The <http://hackage.haskell.org/package/irc irc> package
provides a low-level decoding and encoding scheme for messages in terms of
ByteStrings, but using this relies on matching names of commands as strings,
and unpacking this decoded structure yourself. This package takes it a little
further, providing an ADT for IRC messages and sources, and conduits which
attempt to decode and encode messages appropriately.

In addition to providing conduits for automatically handling streaming
messages, there are also helper functions for connecting to an IRC server and
hooking up conduits to the socket.


%package -n ghc-%{name}
Summary:        Haskell %{name} library
Group:          System/Libraries

%description -n ghc-%{name}
This package provides the Haskell %{name} shared library.


%package -n ghc-%{name}-devel
Summary:        Haskell %{name} library development files
Group:          Development/Libraries/Haskell
Requires:       ghc-compiler = %{ghc_version}
Requires(post): ghc-compiler = %{ghc_version}
Requires(postun): ghc-compiler = %{ghc_version}
Requires:       ghc-%{name} = %{version}-%{release}

%description -n ghc-%{name}-devel
This package provides the Haskell %{name} library development files.


%prep
%setup -q

%build
%ghc_lib_build

%install
%ghc_lib_install

%post -n ghc-%{name}-devel
%ghc_pkg_recache

%postun -n ghc-%{name}-devel
%ghc_pkg_recache

%files
%doc LICENSE

%files -n ghc-%{name} -f ghc-%{name}.files
%defattr(-,root,root,-)
%doc LICENSE

%files -n ghc-%{name}-devel -f ghc-%{name}-devel.files
%defattr(-,root,root,-)

%changelog
