#
# spec file for package json-autotype
#
# Copyright (c) 2018 SUSE LINUX GmbH, Nuernberg, Germany.
#
# All modifications and additions to the file contributed by third parties
# remain the property of their copyright owners, unless otherwise agreed
# upon. The license for this file, and modifications and additions to the
# file, is the same license as for the pristine package itself (unless the
# license for the pristine package is not an Open Source License, in which
# case the license is the MIT License). An "Open Source License" is a
# license that conforms to the Open Source Definition (Version 1.9)
# published by the Open Source Initiative.

# Please submit bugfixes or comments via http://bugs.opensuse.org/
#

%global pkg_name json-autotype

%bcond_with tests

Name:           %{pkg_name}
Version:        1.0.18
Release:        0
Summary:        Automatic type declaration for JSON input data
Group:          Development/Libraries/Haskell

License:        BSD-3-Clause
Url:            https://hackage.haskell.org/package/%{name}
Source0:        https://hackage.haskell.org/package/%{name}-%{version}/%{name}-%{version}.tar.gz

BuildRequires:  ghc-Cabal-devel
BuildRequires:  ghc-rpm-macros
BuildRequires:  ghc-GenericPretty-devel
BuildRequires:  ghc-aeson-devel
BuildRequires:  ghc-bytestring-devel
BuildRequires:  ghc-containers-devel
BuildRequires:  ghc-filepath-devel
BuildRequires:  ghc-hashable-devel
BuildRequires:  ghc-lens-devel
BuildRequires:  ghc-mtl-devel
BuildRequires:  ghc-optparse-applicative-devel
BuildRequires:  ghc-pretty-devel
BuildRequires:  ghc-process-devel
BuildRequires:  ghc-scientific-devel
BuildRequires:  ghc-text-devel
BuildRequires:  ghc-uniplate-devel
BuildRequires:  ghc-unordered-containers-devel
BuildRequires:  ghc-vector-devel
BuildRequires:  ghc-yaml-devel
%if %{with tests}
BuildRequires:  ghc-QuickCheck-devel
BuildRequires:  ghc-directory-devel
BuildRequires:  ghc-smallcheck-devel
%endif

%description
Generates datatype declarations with Aeson's "FromJSON" instances from a set of
example ".json" files.

To get started you need to install the package, and run "json-autotype" binary
on an input ".json" file. That will generate a new Aeson-based JSON parser.

"$ json-autotype input.json -o JSONTypes.hs"

Feel free to tweak the by changing types of the fields - any field type that is
instance of "FromJSON" should work.

You may immediately test the parser by calling it as a script:

"$ runghc JSONTypes.hs input.json"

One can now use multiple input files to generate better type description.

See introduction on <https://github.com/mgajda/json-autotype> for details.


%package -n ghc-%{name}
Summary:        Haskell %{name} library
Group:          System/Libraries

%description -n ghc-%{name}
This package provides the Haskell %{name} shared library.


%package -n ghc-%{name}-devel
Summary:        Haskell %{name} library development files
Group:          Development/Libraries/Haskell
Requires:       ghc-compiler = %{ghc_version}
Requires(post): ghc-compiler = %{ghc_version}
Requires(postun): ghc-compiler = %{ghc_version}
Requires:       ghc-%{name} = %{version}-%{release}

%description -n ghc-%{name}-devel
This package provides the Haskell %{name} library development files.


%prep
%setup -q

%build
%ghc_lib_build

%install
%ghc_lib_install

%check
%cabal_test

%post -n ghc-%{name}-devel
%ghc_pkg_recache

%postun -n ghc-%{name}-devel
%ghc_pkg_recache

%files
%doc LICENSE
%doc README.md changelog.md
%{_bindir}/%{name}

%files -n ghc-%{name} -f ghc-%{name}.files
%defattr(-,root,root,-)
%doc LICENSE

%files -n ghc-%{name}-devel -f ghc-%{name}-devel.files
%defattr(-,root,root,-)
%doc README.md changelog.md

%changelog
