#
# spec file for package lapack-ffi-tools
#
# Copyright (c) 2018 SUSE LINUX GmbH, Nuernberg, Germany.
#
# All modifications and additions to the file contributed by third parties
# remain the property of their copyright owners, unless otherwise agreed
# upon. The license for this file, and modifications and additions to the
# file, is the same license as for the pristine package itself (unless the
# license for the pristine package is not an Open Source License, in which
# case the license is the MIT License). An "Open Source License" is a
# license that conforms to the Open Source Definition (Version 1.9)
# published by the Open Source Initiative.

# Please submit bugfixes or comments via http://bugs.opensuse.org/
#

Name:           lapack-ffi-tools
Version:        0.0.0.1
Release:        0
Summary:        Generator for Haskell interface to Fortran LAPACK
Group:          Development/Libraries/Haskell

License:        BSD-3-Clause
Url:            https://hackage.haskell.org/package/%{name}
Source0:        https://hackage.haskell.org/package/%{name}-%{version}/%{name}-%{version}.tar.gz

BuildRequires:  ghc-Cabal-devel
BuildRequires:  ghc-rpm-macros
BuildRequires:  ghc-bytestring-devel
BuildRequires:  ghc-cassava-devel
BuildRequires:  ghc-containers-devel
BuildRequires:  ghc-explicit-exception-devel
BuildRequires:  ghc-filepath-devel
BuildRequires:  ghc-non-empty-devel
BuildRequires:  ghc-optparse-applicative-devel
BuildRequires:  ghc-parsec-devel
BuildRequires:  ghc-pathtype-devel
BuildRequires:  ghc-transformers-devel
BuildRequires:  ghc-unordered-containers-devel
BuildRequires:  ghc-utility-ht-devel
BuildRequires:  ghc-vector-devel

%description
LAPACK is a package for efficient numerically robust linear algebra.
The original implementation is written in FORTRAN.

The program in this package generates the modules for the packages 'blas-ffi',
'blas-carray', 'lapack-ffi', 'lapack-carray' from the FORTRAN source files.


%prep
%setup -q

%build
%ghc_bin_build

%install
%ghc_bin_install

%files
%doc LICENSE
%{_bindir}/create-lapack-csv
%{_bindir}/create-lapack-ffi
%{_bindir}/create-lapack-ffi-single
%dir %{_datadir}/%{name}-%{version}
%dir %{_datadir}/%{name}-%{version}/data
%{_datadir}/%{name}-%{version}/data/blas.csv
%{_datadir}/%{name}-%{version}/data/lapack.csv

%changelog
