#
# spec file for package mongoDB
#
# Copyright (c) 2019 SUSE LINUX GmbH, Nuernberg, Germany.
#
# All modifications and additions to the file contributed by third parties
# remain the property of their copyright owners, unless otherwise agreed
# upon. The license for this file, and modifications and additions to the
# file, is the same license as for the pristine package itself (unless the
# license for the pristine package is not an Open Source License, in which
# case the license is the MIT License). An "Open Source License" is a
# license that conforms to the Open Source Definition (Version 1.9)
# published by the Open Source Initiative.

# Please submit bugfixes or comments via http://bugs.opensuse.org/
#


%global pkg_name mongoDB
%bcond_with tests
Name:           %{pkg_name}
Version:        2.3.0.1
Release:        0
Summary:        Driver (client) for MongoDB, a free, scalable, fast, document DBMS
License:        Apache-2.0
URL:            https://hackage.haskell.org/package/%{name}
Source0:        https://hackage.haskell.org/package/%{name}-%{version}/%{name}-%{version}.tar.gz
BuildRequires:  ghc-Cabal-devel
BuildRequires:  ghc-array-devel
BuildRequires:  ghc-base16-bytestring-devel
BuildRequires:  ghc-base64-bytestring-devel
BuildRequires:  ghc-binary-devel
BuildRequires:  ghc-bson-devel
BuildRequires:  ghc-bytestring-devel
BuildRequires:  ghc-conduit-devel
BuildRequires:  ghc-conduit-extra-devel
BuildRequires:  ghc-containers-devel
BuildRequires:  ghc-cryptohash-devel
BuildRequires:  ghc-data-default-class-devel
BuildRequires:  ghc-hashtables-devel
BuildRequires:  ghc-lifted-base-devel
BuildRequires:  ghc-monad-control-devel
BuildRequires:  ghc-mtl-devel
BuildRequires:  ghc-network-devel
BuildRequires:  ghc-nonce-devel
BuildRequires:  ghc-parsec-devel
BuildRequires:  ghc-pureMD5-devel
BuildRequires:  ghc-random-devel
BuildRequires:  ghc-random-shuffle-devel
BuildRequires:  ghc-resourcet-devel
BuildRequires:  ghc-rpm-macros
BuildRequires:  ghc-tagged-devel
BuildRequires:  ghc-text-devel
BuildRequires:  ghc-time-devel
BuildRequires:  ghc-tls-devel
BuildRequires:  ghc-transformers-base-devel
BuildRequires:  ghc-transformers-devel
%if %{with tests}
BuildRequires:  ghc-hspec-devel
BuildRequires:  ghc-old-locale-devel
%endif

%description
This package lets you connect to MongoDB servers and update/query their data.
Please see the example in Database.MongoDB and the tutorial from the homepage.
For information about MongoDB itself, see www.mongodb.org.

%package -n ghc-%{name}
Summary:        Haskell %{name} library

%description -n ghc-%{name}
This package provides the Haskell %{name} shared library.

%package -n ghc-%{name}-devel
Summary:        Haskell %{name} library development files
Requires:       ghc-%{name} = %{version}-%{release}
Requires:       ghc-compiler = %{ghc_version}
Requires(post): ghc-compiler = %{ghc_version}
Requires(postun): ghc-compiler = %{ghc_version}

%description -n ghc-%{name}-devel
This package provides the Haskell %{name} library development files.

%prep
%setup -q

%build
%ghc_lib_build

%install
%ghc_lib_install

%check
%cabal_test

%post -n ghc-%{name}-devel
%ghc_pkg_recache

%postun -n ghc-%{name}-devel
%ghc_pkg_recache

%files
%license LICENSE
%doc CHANGELOG.md

%files -n ghc-%{name} -f ghc-%{name}.files
%license LICENSE

%files -n ghc-%{name}-devel -f ghc-%{name}-devel.files
%doc CHANGELOG.md

%changelog
