#
# spec file for package rest-gen
#
# Copyright (c) 2018 SUSE LINUX GmbH, Nuernberg, Germany.
#
# All modifications and additions to the file contributed by third parties
# remain the property of their copyright owners, unless otherwise agreed
# upon. The license for this file, and modifications and additions to the
# file, is the same license as for the pristine package itself (unless the
# license for the pristine package is not an Open Source License, in which
# case the license is the MIT License). An "Open Source License" is a
# license that conforms to the Open Source Definition (Version 1.9)
# published by the Open Source Initiative.

# Please submit bugfixes or comments via http://bugs.opensuse.org/
#

%global pkg_name rest-gen

%bcond_with tests

Name:           %{pkg_name}
Version:        0.20.0.1
Release:        0
Summary:        Documentation and client generation from rest definition
Group:          Development/Libraries/Haskell

License:        BSD-3-Clause
Url:            https://hackage.haskell.org/package/%{name}
Source0:        https://hackage.haskell.org/package/%{name}-%{version}/%{name}-%{version}.tar.gz

BuildRequires:  ghc-Cabal-devel
BuildRequires:  ghc-rpm-macros
BuildRequires:  ghc-HStringTemplate-devel
BuildRequires:  ghc-aeson-devel
BuildRequires:  ghc-base-compat-devel
BuildRequires:  ghc-blaze-html-devel
BuildRequires:  ghc-code-builder-devel
BuildRequires:  ghc-directory-devel
BuildRequires:  ghc-fclabels-devel
BuildRequires:  ghc-filepath-devel
BuildRequires:  ghc-hashable-devel
BuildRequires:  ghc-haskell-src-exts-devel
BuildRequires:  ghc-hxt-devel
BuildRequires:  ghc-json-schema-devel
BuildRequires:  ghc-pretty-devel
BuildRequires:  ghc-process-devel
BuildRequires:  ghc-rest-core-devel
BuildRequires:  ghc-safe-devel
BuildRequires:  ghc-scientific-devel
BuildRequires:  ghc-semigroups-devel
BuildRequires:  ghc-split-devel
BuildRequires:  ghc-text-devel
BuildRequires:  ghc-uniplate-devel
BuildRequires:  ghc-unordered-containers-devel
BuildRequires:  ghc-vector-devel
%if %{with tests}
BuildRequires:  ghc-HUnit-devel
BuildRequires:  ghc-test-framework-devel
BuildRequires:  ghc-test-framework-hunit-devel
%endif

%description
Documentation and client generation from rest definition.


%package -n ghc-%{name}
Summary:        Haskell %{name} library
Group:          System/Libraries

%description -n ghc-%{name}
This package provides the Haskell %{name} shared library.


%package -n ghc-%{name}-devel
Summary:        Haskell %{name} library development files
Group:          Development/Libraries/Haskell
Requires:       ghc-compiler = %{ghc_version}
Requires(post): ghc-compiler = %{ghc_version}
Requires(postun): ghc-compiler = %{ghc_version}
Requires:       ghc-%{name} = %{version}-%{release}

%description -n ghc-%{name}-devel
This package provides the Haskell %{name} library development files.


%prep
%setup -q

%build
%ghc_lib_build

%install
%ghc_lib_install

%check
%cabal_test

%post -n ghc-%{name}-devel
%ghc_pkg_recache

%postun -n ghc-%{name}-devel
%ghc_pkg_recache

%files
%doc LICENSE
%doc CHANGELOG.md
%dir %{_datadir}/%{name}-%{version}
%dir %{_datadir}/%{name}-%{version}/Docs
%dir %{_datadir}/%{name}-%{version}/Javascript
%dir %{_datadir}/%{name}-%{version}/Ruby
%{_datadir}/%{name}-%{version}/Docs/*.st
%{_datadir}/%{name}-%{version}/Docs/*.js
%{_datadir}/%{name}-%{version}/Docs/*.css
%{_datadir}/%{name}-%{version}/Javascript/prelude.js
%{_datadir}/%{name}-%{version}/Javascript/epilogue.js
%{_datadir}/%{name}-%{version}/Ruby/base.rb

%files -n ghc-%{name} -f ghc-%{name}.files
%defattr(-,root,root,-)
%doc LICENSE

%files -n ghc-%{name}-devel -f ghc-%{name}-devel.files
%defattr(-,root,root,-)
%doc CHANGELOG.md

%changelog
