#
# spec file for package scrypt
#
# Copyright (c) 2018 SUSE LINUX GmbH, Nuernberg, Germany.
#
# All modifications and additions to the file contributed by third parties
# remain the property of their copyright owners, unless otherwise agreed
# upon. The license for this file, and modifications and additions to the
# file, is the same license as for the pristine package itself (unless the
# license for the pristine package is not an Open Source License, in which
# case the license is the MIT License). An "Open Source License" is a
# license that conforms to the Open Source Definition (Version 1.9)
# published by the Open Source Initiative.

# Please submit bugfixes or comments via http://bugs.opensuse.org/
#

%global pkg_name scrypt

%bcond_with tests

Name:           %{pkg_name}
Version:        0.5.0
Release:        0
Summary:        Stronger password hashing via sequential memory-hard functions
Group:          Development/Libraries/Haskell

License:        BSD-3-Clause
Url:            https://hackage.haskell.org/package/%{name}
Source0:        https://hackage.haskell.org/package/%{name}-%{version}/%{name}-%{version}.tar.gz

BuildRequires:  ghc-Cabal-devel
BuildRequires:  ghc-rpm-macros
BuildRequires:  ghc-base64-bytestring-devel
BuildRequires:  ghc-bytestring-devel
BuildRequires:  ghc-entropy-devel
%if %{with tests}
BuildRequires:  ghc-HUnit-devel
BuildRequires:  ghc-QuickCheck-devel
BuildRequires:  ghc-test-framework-devel
BuildRequires:  ghc-test-framework-hunit-devel
BuildRequires:  ghc-test-framework-quickcheck2-devel
%endif

%description
This package provides bindings to Colin Percival's `scrypt` implementation
(<http://www.tarsnap.com/scrypt.html>). Scrypt is a key derivation function
designed to be far more secure against hardware brute-force attacks than
alternative functions such as PBKDF2 or bcrypt.

Details of the scrypt key derivation function are given in a paper by Colin
Percival, Stronger Key Derivation via Sequential Memory-Hard Functions:
<http://www.tarsnap.com/scrypt/scrypt.pdf>.


%package -n ghc-%{name}
Summary:        Haskell %{name} library
Group:          System/Libraries

%description -n ghc-%{name}
This package provides the Haskell %{name} shared library.


%package -n ghc-%{name}-devel
Summary:        Haskell %{name} library development files
Group:          Development/Libraries/Haskell
Requires:       ghc-compiler = %{ghc_version}
Requires(post): ghc-compiler = %{ghc_version}
Requires(postun): ghc-compiler = %{ghc_version}
Requires:       ghc-%{name} = %{version}-%{release}

%description -n ghc-%{name}-devel
This package provides the Haskell %{name} library development files.


%prep
%setup -q

%build
%ghc_lib_build

%install
%ghc_lib_install

%check
%cabal_test

%post -n ghc-%{name}-devel
%ghc_pkg_recache

%postun -n ghc-%{name}-devel
%ghc_pkg_recache

%files
%doc LICENSE
%doc README.markdown

%files -n ghc-%{name} -f ghc-%{name}.files
%defattr(-,root,root,-)
%doc LICENSE

%files -n ghc-%{name}-devel -f ghc-%{name}-devel.files
%defattr(-,root,root,-)
%doc README.markdown

%changelog
