#
# spec file for package sdl2
#
# Copyright (c) 2020 SUSE LLC
#
# All modifications and additions to the file contributed by third parties
# remain the property of their copyright owners, unless otherwise agreed
# upon. The license for this file, and modifications and additions to the
# file, is the same license as for the pristine package itself (unless the
# license for the pristine package is not an Open Source License, in which
# case the license is the MIT License). An "Open Source License" is a
# license that conforms to the Open Source Definition (Version 1.9)
# published by the Open Source Initiative.

# Please submit bugfixes or comments via http://bugs.opensuse.org/
#


%global pkg_name sdl2
Name:           %{pkg_name}
Version:        2.3.0
Release:        0
Summary:        Both high- and low-level bindings to the SDL library (version 2.0.4+)
License:        BSD-3-Clause
URL:            https://hackage.haskell.org/package/%{name}
Source0:        https://hackage.haskell.org/package/%{name}-%{version}/%{name}-%{version}.tar.gz
BuildRequires:  ghc-Cabal-devel
BuildRequires:  ghc-StateVar-devel
BuildRequires:  ghc-bytestring-devel
BuildRequires:  ghc-exceptions-devel
BuildRequires:  ghc-linear-devel
BuildRequires:  ghc-rpm-macros
BuildRequires:  ghc-text-devel
BuildRequires:  ghc-transformers-devel
BuildRequires:  ghc-vector-devel
BuildRequires:  libSDL2-devel
BuildRequires:  pkgconfig
BuildRequires:  pkgconfig(sdl2)

%description
This package contains bindings to the SDL 2 library, in both high- and
low-level forms:

The 'SDL' namespace contains high-level bindings, where enumerations are split
into sum types, and we perform automatic error-checking.

The 'SDL.Raw' namespace contains an almost 1-1 translation of the C API into
Haskell FFI calls. As such, this does not contain sum types nor error checking.
Thus this namespace is suitable for building your own abstraction over SDL, but
is not recommended for day-to-day programming.

%package -n ghc-%{name}
Summary:        Haskell %{name} library

%description -n ghc-%{name}
This package provides the Haskell %{name} shared library.

%package -n ghc-%{name}-devel
Summary:        Haskell %{name} library development files
Requires:       ghc-%{name} = %{version}-%{release}
Requires:       ghc-compiler = %{ghc_version}
Requires:       libSDL2-devel
Requires:       pkgconfig
Requires:       pkgconfig(sdl2)
Requires(post): ghc-compiler = %{ghc_version}
Requires(postun): ghc-compiler = %{ghc_version}

%description -n ghc-%{name}-devel
This package provides the Haskell %{name} library development files.

%prep
%autosetup

%build
%ghc_lib_build

%install
%ghc_lib_install

%post -n ghc-%{name}-devel
%ghc_pkg_recache

%postun -n ghc-%{name}-devel
%ghc_pkg_recache

%files
%license LICENSE
%doc ChangeLog.md
%dir %{_datadir}/%{name}-%{version}
%dir %{_datadir}/%{name}-%{version}/examples
%dir %{_datadir}/%{name}-%{version}/examples/lazyfoo
%dir %{_datadir}/%{name}-%{version}/examples/twinklebear
%{_datadir}/%{name}-%{version}/examples/lazyfoo/*.bmp
%{_datadir}/%{name}-%{version}/examples/twinklebear/*.bmp

%files -n ghc-%{name} -f ghc-%{name}.files
%license LICENSE

%files -n ghc-%{name}-devel -f ghc-%{name}-devel.files
%doc ChangeLog.md

%changelog
