#
# spec file for package selda
#
# Copyright (c) 2019 SUSE LINUX GmbH, Nuernberg, Germany.
#
# All modifications and additions to the file contributed by third parties
# remain the property of their copyright owners, unless otherwise agreed
# upon. The license for this file, and modifications and additions to the
# file, is the same license as for the pristine package itself (unless the
# license for the pristine package is not an Open Source License, in which
# case the license is the MIT License). An "Open Source License" is a
# license that conforms to the Open Source Definition (Version 1.9)
# published by the Open Source Initiative.

# Please submit bugfixes or comments via http://bugs.opensuse.org/
#


%global pkg_name selda
Name:           %{pkg_name}
Version:        0.1.11.2
Release:        0
Summary:        Type-safe, high-level EDSL for interacting with relational databases
License:        MIT
Group:          Development/Libraries/Haskell
URL:            https://hackage.haskell.org/package/%{name}
Source0:        https://hackage.haskell.org/package/%{name}-%{version}/%{name}-%{version}.tar.gz
BuildRequires:  ghc-Cabal-devel
BuildRequires:  ghc-bytestring-devel
BuildRequires:  ghc-exceptions-devel
BuildRequires:  ghc-hashable-devel
BuildRequires:  ghc-mtl-devel
BuildRequires:  ghc-psqueues-devel
BuildRequires:  ghc-rpm-macros
BuildRequires:  ghc-text-devel
BuildRequires:  ghc-time-devel
BuildRequires:  ghc-unordered-containers-devel

%description
This package provides an EDSL for writing portable, type-safe, high-level
database code. Its feature set includes querying and modifying databases,
automatic, in-process caching with consistency guarantees, and transaction
support. See the package readme for a brief usage tutorial. To use this package
you need at least one backend package, in addition to this package.
There are currently two different backend packages: selda-sqlite and
selda-postgresql.

%package -n ghc-%{name}
Summary:        Haskell %{name} library
Group:          System/Libraries

%description -n ghc-%{name}
This package provides the Haskell %{name} shared library.

%package -n ghc-%{name}-devel
Summary:        Haskell %{name} library development files
Group:          Development/Libraries/Haskell
Requires:       ghc-%{name} = %{version}-%{release}
Requires:       ghc-compiler = %{ghc_version}
Requires(post): ghc-compiler = %{ghc_version}
Requires(postun): ghc-compiler = %{ghc_version}

%description -n ghc-%{name}-devel
This package provides the Haskell %{name} library development files.

%prep
%setup -q

%build
%ghc_lib_build

%install
%ghc_lib_install

%post -n ghc-%{name}-devel
%ghc_pkg_recache

%postun -n ghc-%{name}-devel
%ghc_pkg_recache

%files
%license LICENSE
%doc ChangeLog.md README.md

%files -n ghc-%{name} -f ghc-%{name}.files
%license LICENSE

%files -n ghc-%{name}-devel -f ghc-%{name}-devel.files
%doc ChangeLog.md README.md

%changelog
