#
# spec file for package servant-server
#
# Copyright (c) 2018 SUSE LINUX GmbH, Nuernberg, Germany.
#
# All modifications and additions to the file contributed by third parties
# remain the property of their copyright owners, unless otherwise agreed
# upon. The license for this file, and modifications and additions to the
# file, is the same license as for the pristine package itself (unless the
# license for the pristine package is not an Open Source License, in which
# case the license is the MIT License). An "Open Source License" is a
# license that conforms to the Open Source Definition (Version 1.9)
# published by the Open Source Initiative.

# Please submit bugfixes or comments via http://bugs.opensuse.org/
#

%global pkg_name servant-server

%bcond_with tests

Name:           %{pkg_name}
Version:        0.11.0.1
Release:        0
Summary:        A family of combinators for defining webservices APIs and serving them
Group:          Development/Libraries/Haskell

License:        BSD-3-Clause
Url:            https://hackage.haskell.org/package/%{name}
Source0:        https://hackage.haskell.org/package/%{name}-%{version}/%{name}-%{version}.tar.gz

BuildRequires:  ghc-Cabal-devel
BuildRequires:  ghc-rpm-macros
BuildRequires:  chrpath
BuildRequires:  ghc-aeson-devel
BuildRequires:  ghc-attoparsec-devel
BuildRequires:  ghc-base-compat-devel
BuildRequires:  ghc-base64-bytestring-devel
BuildRequires:  ghc-bytestring-devel
BuildRequires:  ghc-cabal-doctest-devel
BuildRequires:  ghc-containers-devel
BuildRequires:  ghc-exceptions-devel
BuildRequires:  ghc-filepath-devel
BuildRequires:  ghc-http-api-data-devel
BuildRequires:  ghc-http-types-devel
BuildRequires:  ghc-monad-control-devel
BuildRequires:  ghc-mtl-devel
BuildRequires:  ghc-network-devel
BuildRequires:  ghc-network-uri-devel
BuildRequires:  ghc-resourcet-devel
BuildRequires:  ghc-safe-devel
BuildRequires:  ghc-servant-devel
BuildRequires:  ghc-split-devel
BuildRequires:  ghc-string-conversions-devel
BuildRequires:  ghc-system-filepath-devel
BuildRequires:  ghc-tagged-devel
BuildRequires:  ghc-text-devel
BuildRequires:  ghc-transformers-base-devel
BuildRequires:  ghc-transformers-compat-devel
BuildRequires:  ghc-transformers-devel
BuildRequires:  ghc-wai-app-static-devel
BuildRequires:  ghc-wai-devel
BuildRequires:  ghc-warp-devel
BuildRequires:  ghc-word8-devel
%if %{with tests}
BuildRequires:  ghc-QuickCheck-devel
BuildRequires:  ghc-directory-devel
BuildRequires:  ghc-doctest-devel
BuildRequires:  ghc-filemanip-devel
BuildRequires:  ghc-hspec-devel
BuildRequires:  ghc-hspec-wai-devel
BuildRequires:  ghc-parsec-devel
BuildRequires:  ghc-should-not-typecheck-devel
BuildRequires:  ghc-temporary-devel
BuildRequires:  ghc-wai-extra-devel
%endif

%description
A family of combinators for defining webservices APIs and serving them

You can learn about the basics in the
<http://haskell-servant.readthedocs.org/en/stable/tutorial/index.html
tutorial>.

<https://github.com/haskell-servant/servant/blob/master/servant-server/example/greet.hs
Here> is a runnable example, with comments, that defines a dummy API and
implements a webserver that serves this API, using this package.

<https://github.com/haskell-servant/servant/blob/master/servant-server/CHANGELOG.md
CHANGELOG>.


%package -n ghc-%{name}
Summary:        Haskell %{name} library
Group:          System/Libraries

%description -n ghc-%{name}
This package provides the Haskell %{name} shared library.


%package -n ghc-%{name}-devel
Summary:        Haskell %{name} library development files
Group:          Development/Libraries/Haskell
Requires:       ghc-compiler = %{ghc_version}
Requires(post): ghc-compiler = %{ghc_version}
Requires(postun): ghc-compiler = %{ghc_version}
Requires:       ghc-%{name} = %{version}-%{release}

%description -n ghc-%{name}-devel
This package provides the Haskell %{name} library development files.


%prep
%setup -q

%build
%ghc_lib_build

%install
%ghc_lib_install
%ghc_fix_rpath %{pkg_name}-%{version}

%check
%cabal_test

%post -n ghc-%{name}-devel
%ghc_pkg_recache

%postun -n ghc-%{name}-devel
%ghc_pkg_recache

%files
%doc LICENSE
%doc CHANGELOG.md README.md example
%{_bindir}/greet

%files -n ghc-%{name} -f ghc-%{name}.files
%defattr(-,root,root,-)
%doc LICENSE

%files -n ghc-%{name}-devel -f ghc-%{name}-devel.files
%defattr(-,root,root,-)
%doc CHANGELOG.md README.md example

%changelog
