#
# spec file for package uu-parsinglib
#
# Copyright (c) 2018 SUSE LINUX GmbH, Nuernberg, Germany.
#
# All modifications and additions to the file contributed by third parties
# remain the property of their copyright owners, unless otherwise agreed
# upon. The license for this file, and modifications and additions to the
# file, is the same license as for the pristine package itself (unless the
# license for the pristine package is not an Open Source License, in which
# case the license is the MIT License). An "Open Source License" is a
# license that conforms to the Open Source Definition (Version 1.9)
# published by the Open Source Initiative.

# Please submit bugfixes or comments via http://bugs.opensuse.org/
#

%global pkg_name uu-parsinglib

Name:           %{pkg_name}
Version:        2.9.1.1
Release:        0
Summary:        Fast, online, error-correcting, monadic, applicative, merging, permuting, interleaving, idiomatic parser combinators
Group:          Development/Libraries/Haskell

License:        MIT
Url:            https://hackage.haskell.org/package/%{name}
Source0:        https://hackage.haskell.org/package/%{name}-%{version}/%{name}-%{version}.tar.gz

BuildRequires:  ghc-Cabal-devel
BuildRequires:  ghc-rpm-macros
BuildRequires:  ghc-ListLike-devel
BuildRequires:  ghc-time-devel
BuildRequires:  ghc-uu-interleaved-devel

%description
New version of the Utrecht University parser combinator library, which provides
online, error correction, annotation free, applicative style parser
combinators. In addition to this we provide a monadic and an idomatic
interface. Parsers do analyse themselves to avoid commonly made errors.

This version is based on the module "Data.Listlike", and as a result a great
variety of input structures ('Strings', 'ByteStrings', etc.) can be handled.

The modules "Text.ParserCombinators.UU.Demo.Examples",
"Text.ParserCombinators.UU.Idioms" and
"Text.ParserCombinators.UU.Demo.MergeAndpermute" contain a ready-made
'show_examples' function, which can be called (e.g. from 'ghci') to see e.g.
the error correction at work. It contains extensive haddock documentation, so
why not just take a look to see the correction process at work, and to get a
feeling for how the various combinators can be used?

The file "Text.ParserCombinators.UU.CHANGELOG" contains a log of the most
recent changes and additions.

The file "Text.ParserCombinators.UU.README" contains some references to
background information.

We maintain a low frequency mailing for discussing the package. You can
subscribe at: <http://lists.science.uu.nl/mailman/listinfo/parsing>.


%package -n ghc-%{name}
Summary:        Haskell %{name} library
Group:          System/Libraries

%description -n ghc-%{name}
This package provides the Haskell %{name} shared library.


%package -n ghc-%{name}-devel
Summary:        Haskell %{name} library development files
Group:          Development/Libraries/Haskell
Requires:       ghc-compiler = %{ghc_version}
Requires(post): ghc-compiler = %{ghc_version}
Requires(postun): ghc-compiler = %{ghc_version}
Requires:       ghc-%{name} = %{version}-%{release}

%description -n ghc-%{name}-devel
This package provides the Haskell %{name} library development files.


%prep
%setup -q

%build
%ghc_lib_build

%install
%ghc_lib_install

%post -n ghc-%{name}-devel
%ghc_pkg_recache

%postun -n ghc-%{name}-devel
%ghc_pkg_recache

%files
%doc LICENSE

%files -n ghc-%{name} -f ghc-%{name}.files
%defattr(-,root,root,-)
%doc LICENSE

%files -n ghc-%{name}-devel -f ghc-%{name}-devel.files
%defattr(-,root,root,-)

%changelog
