#
# spec file for package vectortiles
#
# Copyright (c) 2018 SUSE LINUX GmbH, Nuernberg, Germany.
#
# All modifications and additions to the file contributed by third parties
# remain the property of their copyright owners, unless otherwise agreed
# upon. The license for this file, and modifications and additions to the
# file, is the same license as for the pristine package itself (unless the
# license for the pristine package is not an Open Source License, in which
# case the license is the MIT License). An "Open Source License" is a
# license that conforms to the Open Source Definition (Version 1.9)
# published by the Open Source Initiative.

# Please submit bugfixes or comments via http://bugs.opensuse.org/
#

%global pkg_name vectortiles

%bcond_with tests

Name:           %{pkg_name}
Version:        1.2.0.6
Release:        0
Summary:        GIS Vector Tiles, as defined by Mapbox
Group:          Development/Libraries/Haskell

License:        Apache-2.0
Url:            https://hackage.haskell.org/package/%{name}
Source0:        https://hackage.haskell.org/package/%{name}-%{version}/%{name}-%{version}.tar.gz

BuildRequires:  ghc-Cabal-devel
BuildRequires:  ghc-rpm-macros
BuildRequires:  ghc-bytestring-devel
BuildRequires:  ghc-cereal-devel
BuildRequires:  ghc-containers-devel
BuildRequires:  ghc-deepseq-devel
BuildRequires:  ghc-protobuf-devel
BuildRequires:  ghc-text-devel
BuildRequires:  ghc-transformers-devel
BuildRequires:  ghc-vector-devel
%if %{with tests}
BuildRequires:  ghc-hex-devel
BuildRequires:  ghc-tasty-devel
BuildRequires:  ghc-tasty-hunit-devel
%endif

%description
GIS Vector Tiles, as defined by Mapbox.

This library implements version 2.1 of the official Mapbox spec, as defined
here: <https://github.com/mapbox/vector-tile-spec/tree/master/2.1>

Note that currently this library ignores top-level protobuf extensions, /Value/
extensions, and /UNKNOWN/ geometries.

The order in which to explore the modules of this library is as follows:

1. "Geography.VectorTile.VectorTile" (high-level types)

2. "Geography.VectorTile.Geometry" (typical GIS geometry types)

3. "Geography.VectorTile.Protobuf" (mid-level representation of parsed protobuf
data with conversion functions).


%package -n ghc-%{name}
Summary:        Haskell %{name} library
Group:          System/Libraries

%description -n ghc-%{name}
This package provides the Haskell %{name} shared library.


%package -n ghc-%{name}-devel
Summary:        Haskell %{name} library development files
Group:          Development/Libraries/Haskell
Requires:       ghc-compiler = %{ghc_version}
Requires(post): ghc-compiler = %{ghc_version}
Requires(postun): ghc-compiler = %{ghc_version}
Requires:       ghc-%{name} = %{version}-%{release}

%description -n ghc-%{name}-devel
This package provides the Haskell %{name} library development files.


%prep
%setup -q

%build
%ghc_lib_build

%install
%ghc_lib_install

%check
%cabal_test

%post -n ghc-%{name}-devel
%ghc_pkg_recache

%postun -n ghc-%{name}-devel
%ghc_pkg_recache

%files
%doc LICENSE
%doc CHANGELOG.md README.md

%files -n ghc-%{name} -f ghc-%{name}.files
%defattr(-,root,root,-)
%doc LICENSE

%files -n ghc-%{name}-devel -f ghc-%{name}-devel.files
%defattr(-,root,root,-)
%doc CHANGELOG.md README.md

%changelog
