#
# spec file for package warp
#
# Copyright (c) 2018 SUSE LINUX GmbH, Nuernberg, Germany.
#
# All modifications and additions to the file contributed by third parties
# remain the property of their copyright owners, unless otherwise agreed
# upon. The license for this file, and modifications and additions to the
# file, is the same license as for the pristine package itself (unless the
# license for the pristine package is not an Open Source License, in which
# case the license is the MIT License). An "Open Source License" is a
# license that conforms to the Open Source Definition (Version 1.9)
# published by the Open Source Initiative.

# Please submit bugfixes or comments via http://bugs.opensuse.org/
#

%global pkg_name warp

%bcond_with tests

Name:           %{pkg_name}
Version:        3.2.13
Release:        0
Summary:        A fast, light-weight web server for WAI applications
Group:          Development/Libraries/Haskell

License:        MIT
Url:            https://hackage.haskell.org/package/%{name}
Source0:        https://hackage.haskell.org/package/%{name}-%{version}/%{name}-%{version}.tar.gz

BuildRequires:  ghc-Cabal-devel
BuildRequires:  ghc-rpm-macros
BuildRequires:  ghc-array-devel
BuildRequires:  ghc-async-devel
BuildRequires:  ghc-auto-update-devel
BuildRequires:  ghc-blaze-builder-devel
BuildRequires:  ghc-bytestring-builder-devel
BuildRequires:  ghc-bytestring-devel
BuildRequires:  ghc-case-insensitive-devel
BuildRequires:  ghc-containers-devel
BuildRequires:  ghc-hashable-devel
BuildRequires:  ghc-http-date-devel
BuildRequires:  ghc-http-types-devel
BuildRequires:  ghc-http2-devel
BuildRequires:  ghc-iproute-devel
BuildRequires:  ghc-network-devel
BuildRequires:  ghc-simple-sendfile-devel
BuildRequires:  ghc-stm-devel
BuildRequires:  ghc-streaming-commons-devel
BuildRequires:  ghc-text-devel
BuildRequires:  ghc-unix-compat-devel
BuildRequires:  ghc-unix-devel
BuildRequires:  ghc-vault-devel
BuildRequires:  ghc-wai-devel
BuildRequires:  ghc-word8-devel
%if %{with tests}
BuildRequires:  ghc-HTTP-devel
BuildRequires:  ghc-HUnit-devel
BuildRequires:  ghc-QuickCheck-devel
BuildRequires:  ghc-directory-devel
BuildRequires:  ghc-doctest-devel
BuildRequires:  ghc-hspec-devel
BuildRequires:  ghc-lifted-base-devel
BuildRequires:  ghc-process-devel
BuildRequires:  ghc-silently-devel
BuildRequires:  ghc-time-devel
BuildRequires:  ghc-transformers-devel
%endif

%description
HTTP/1.0, HTTP/1.1 and HTTP/2 are supported. For HTTP/2, Warp supports direct
and ALPN (in TLS) but not upgrade. API docs and the README are available at
<http://www.stackage.org/package/warp>.


%package -n ghc-%{name}
Summary:        Haskell %{name} library
Group:          System/Libraries

%description -n ghc-%{name}
This package provides the Haskell %{name} shared library.


%package -n ghc-%{name}-devel
Summary:        Haskell %{name} library development files
Group:          Development/Libraries/Haskell
Requires:       ghc-compiler = %{ghc_version}
Requires(post): ghc-compiler = %{ghc_version}
Requires(postun): ghc-compiler = %{ghc_version}
Requires:       ghc-%{name} = %{version}-%{release}

%description -n ghc-%{name}-devel
This package provides the Haskell %{name} library development files.


%prep
%setup -q

%build
%ghc_lib_build

%install
%ghc_lib_install

%check
%cabal_test

%post -n ghc-%{name}-devel
%ghc_pkg_recache

%postun -n ghc-%{name}-devel
%ghc_pkg_recache

%files
%doc LICENSE
%doc ChangeLog.md README.md

%files -n ghc-%{name} -f ghc-%{name}.files
%defattr(-,root,root,-)
%doc LICENSE

%files -n ghc-%{name}-devel -f ghc-%{name}-devel.files
%defattr(-,root,root,-)
%doc ChangeLog.md README.md

%changelog
