#
# spec file for package wuss
#
# Copyright (c) 2018 SUSE LINUX GmbH, Nuernberg, Germany.
#
# All modifications and additions to the file contributed by third parties
# remain the property of their copyright owners, unless otherwise agreed
# upon. The license for this file, and modifications and additions to the
# file, is the same license as for the pristine package itself (unless the
# license for the pristine package is not an Open Source License, in which
# case the license is the MIT License). An "Open Source License" is a
# license that conforms to the Open Source Definition (Version 1.9)
# published by the Open Source Initiative.

# Please submit bugfixes or comments via http://bugs.opensuse.org/
#

%global pkg_name wuss

Name:           %{pkg_name}
Version:        1.1.6
Release:        0
Summary:        Secure WebSocket (WSS) clients
Group:          Development/Libraries/Haskell

License:        MIT
Url:            https://hackage.haskell.org/package/%{name}
Source0:        https://hackage.haskell.org/package/%{name}-%{version}/%{name}-%{version}.tar.gz

BuildRequires:  ghc-Cabal-devel
BuildRequires:  ghc-rpm-macros
BuildRequires:  ghc-bytestring-devel
BuildRequires:  ghc-connection-devel
BuildRequires:  ghc-network-devel
BuildRequires:  ghc-websockets-devel

%description
Wuss is a library that lets you easily create secure WebSocket clients over the
WSS protocol. It is a small addition to
<https://hackage.haskell.org/package/websockets the websockets package> and is
adapted from existing solutions by <https://gist.github.com/jaspervdj/7198388
'jaspervdj>, <https://gist.github.com/mpickering/f1b7ba3190a4bb5884f3
'mpickering>, and <https://gist.github.com/elfenlaid/7b5c28065e67e4cf0767
'elfenlaid>.


%package -n ghc-%{name}
Summary:        Haskell %{name} library
Group:          System/Libraries

%description -n ghc-%{name}
This package provides the Haskell %{name} shared library.


%package -n ghc-%{name}-devel
Summary:        Haskell %{name} library development files
Group:          Development/Libraries/Haskell
Requires:       ghc-compiler = %{ghc_version}
Requires(post): ghc-compiler = %{ghc_version}
Requires(postun): ghc-compiler = %{ghc_version}
Requires:       ghc-%{name} = %{version}-%{release}

%description -n ghc-%{name}-devel
This package provides the Haskell %{name} library development files.


%prep
%setup -q

%build
%ghc_lib_build

%install
%ghc_lib_install

%post -n ghc-%{name}-devel
%ghc_pkg_recache

%postun -n ghc-%{name}-devel
%ghc_pkg_recache

%files
%doc CHANGELOG.md LICENSE.md

%files -n ghc-%{name} -f ghc-%{name}.files
%defattr(-,root,root,-)

%files -n ghc-%{name}-devel -f ghc-%{name}-devel.files
%defattr(-,root,root,-)
%doc CHANGELOG.md LICENSE.md

%changelog
