#
# spec file for package zeromq4-haskell
#
# Copyright (c) 2018 SUSE LINUX GmbH, Nuernberg, Germany.
#
# All modifications and additions to the file contributed by third parties
# remain the property of their copyright owners, unless otherwise agreed
# upon. The license for this file, and modifications and additions to the
# file, is the same license as for the pristine package itself (unless the
# license for the pristine package is not an Open Source License, in which
# case the license is the MIT License). An "Open Source License" is a
# license that conforms to the Open Source Definition (Version 1.9)
# published by the Open Source Initiative.

# Please submit bugfixes or comments via http://bugs.opensuse.org/
#

%global pkg_name zeromq4-haskell

%bcond_with tests

Name:           %{pkg_name}
Version:        0.7.0
Release:        0
Summary:        Bindings to ZeroMQ 4.x
Group:          Development/Libraries/Haskell

License:        MIT
Url:            https://hackage.haskell.org/package/%{name}
Source0:        https://hackage.haskell.org/package/%{name}-%{version}/%{name}-%{version}.tar.gz

BuildRequires:  ghc-Cabal-devel
BuildRequires:  ghc-rpm-macros
BuildRequires:  ghc-async-devel
BuildRequires:  ghc-bytestring-devel
BuildRequires:  ghc-containers-devel
BuildRequires:  ghc-exceptions-devel
BuildRequires:  ghc-monad-control-devel
BuildRequires:  ghc-semigroups-devel
BuildRequires:  ghc-transformers-base-devel
BuildRequires:  ghc-transformers-devel
BuildRequires:  pkgconfig(libzmq)
%if %{with tests}
BuildRequires:  ghc-QuickCheck-devel
BuildRequires:  ghc-tasty-devel
BuildRequires:  ghc-tasty-hunit-devel
BuildRequires:  ghc-tasty-quickcheck-devel
%endif

%description
The 0MQ lightweight messaging kernel is a library which extends the standard
socket interfaces with features traditionally provided by specialised messaging
middleware products.

0MQ sockets provide an abstraction of asynchronous message queues, multiple
messaging patterns, message filtering (subscriptions), seamless access to
multiple transport protocols and more.

This library provides the Haskell language binding to 0MQ >= 4.x.


%package -n ghc-%{name}
Summary:        Haskell %{name} library
Group:          System/Libraries

%description -n ghc-%{name}
This package provides the Haskell %{name} shared library.


%package -n ghc-%{name}-devel
Summary:        Haskell %{name} library development files
Group:          Development/Libraries/Haskell
Requires:       ghc-compiler = %{ghc_version}
Requires(post): ghc-compiler = %{ghc_version}
Requires(postun): ghc-compiler = %{ghc_version}
Requires:       ghc-%{name} = %{version}-%{release}
Requires:       pkgconfig
Requires:       pkgconfig(libzmq)

%description -n ghc-%{name}-devel
This package provides the Haskell %{name} library development files.


%prep
%setup -q

%build
%ghc_lib_build

%install
%ghc_lib_install

%check
%cabal_test

%post -n ghc-%{name}-devel
%ghc_pkg_recache

%postun -n ghc-%{name}-devel
%ghc_pkg_recache

%files
%doc LICENSE
%doc AUTHORS CHANGELOG.md README.md examples

%files -n ghc-%{name} -f ghc-%{name}.files
%defattr(-,root,root,-)
%doc LICENSE

%files -n ghc-%{name}-devel -f ghc-%{name}-devel.files
%defattr(-,root,root,-)
%doc AUTHORS CHANGELOG.md README.md examples

%changelog
