#
# spec file for package zot
#
# Copyright (c) 2018 SUSE LINUX GmbH, Nuernberg, Germany.
#
# All modifications and additions to the file contributed by third parties
# remain the property of their copyright owners, unless otherwise agreed
# upon. The license for this file, and modifications and additions to the
# file, is the same license as for the pristine package itself (unless the
# license for the pristine package is not an Open Source License, in which
# case the license is the MIT License). An "Open Source License" is a
# license that conforms to the Open Source Definition (Version 1.9)
# published by the Open Source Initiative.

# Please submit bugfixes or comments via http://bugs.opensuse.org/
#

Name:           zot
Version:        0.0.3
Release:        0
Summary:        Zot language
Group:          Development/Libraries/Haskell

License:        BSD-3-Clause
Url:            https://hackage.haskell.org/package/%{name}
Source0:        https://hackage.haskell.org/package/%{name}-%{version}/%{name}-%{version}.tar.gz

BuildRequires:  ghc-Cabal-devel
BuildRequires:  ghc-rpm-macros
BuildRequires:  ghc-monads-tf-devel

%description
Zot language ( http://semarch.linguistics.fas.nyu.edu/barker/Iota/zot.html )

> echo "10100" | cat examples/reverse.zot - | zot - > 00101

> cat examples/reverse.lambda | zot lambdaToSki | zot skiToZot | zot arg
"10100" | zot - > 00101

And try

> cat examples/reverse.zot | zot zotToSki | zot skiToLambda

and

> cat examples/reverse.zot | zot zotToSki | zot skiToLambda -h.


%prep
%setup -q

%build
%ghc_bin_build

%install
%ghc_bin_install

%files
%doc LICENSE
%doc examples
%{_bindir}/%{name}
%dir %{_datadir}/%{name}-%{version}
%dir %{_datadir}/%{name}-%{version}/examples
%{_datadir}/%{name}-%{version}/examples/reverse.lambda
%{_datadir}/%{name}-%{version}/examples/reverse.zot
%{_datadir}/%{name}-%{version}/README

%changelog
